// Jest Snapshot v1, https://goo.gl/fbAQLP

exports[`should render ExpenseList with expenses 1`] = `
<Connect(ExpenseListItem)
  expenses={
    Object {
      "amount": 109500,
      "createdAt": -345600000,
      "description": "Rent",
      "id": "2",
      "note": "",
    }
  }
/>
`;
